This is pdfTeX, Version 3.14159265-2.6-1.40.17 (TeX Live 2016) (preloaded format=pdflatex 2016.6.7)  17 FEB 2017 18:10
entering extended mode
 restricted \write18 enabled.
 %&-line parsing enabled.
**"Solução 1.tex"
(./Solução 1.tex
LaTeX2e <2016/03/31>
Babel <3.9r> and hyphenation patterns for 83 language(s) loaded.
(/usr/local/texlive/2016/texmf-dist/tex/latex/base/article.cls
Document Class: article 2014/09/29 v1.4h Standard LaTeX document class
(/usr/local/texlive/2016/texmf-dist/tex/latex/base/size12.clo
File: size12.clo 2014/09/29 v1.4h Standard LaTeX file (size option)
)
\c@part=\count79
\c@section=\count80
\c@subsection=\count81
\c@subsubsection=\count82
\c@paragraph=\count83
\c@subparagraph=\count84
\c@figure=\count85
\c@table=\count86
\abovecaptionskip=\skip41
\belowcaptionskip=\skip42
\bibindent=\dimen102
)
(/usr/local/texlive/2016/texmf-dist/tex/latex/amsmath/amsmath.sty
Package: amsmath 2016/03/10 v2.15b AMS math features
\@mathmargin=\skip43

For additional information on amsmath, use the `?' option.
(/usr/local/texlive/2016/texmf-dist/tex/latex/amsmath/amstext.sty
Package: amstext 2000/06/29 v2.01 AMS text

(/usr/local/texlive/2016/texmf-dist/tex/latex/amsmath/amsgen.sty
File: amsgen.sty 1999/11/30 v2.0 generic functions
\@emptytoks=\toks14
\ex@=\dimen103
))
(/usr/local/texlive/2016/texmf-dist/tex/latex/amsmath/amsbsy.sty
Package: amsbsy 1999/11/29 v1.2d Bold Symbols
\pmbraise@=\dimen104
)
(/usr/local/texlive/2016/texmf-dist/tex/latex/amsmath/amsopn.sty
Package: amsopn 2016/03/08 v2.02 operator names
)
\inf@bad=\count87
LaTeX Info: Redefining \frac on input line 199.
\uproot@=\count88
\leftroot@=\count89
LaTeX Info: Redefining \overline on input line 297.
\classnum@=\count90
\DOTSCASE@=\count91
LaTeX Info: Redefining \ldots on input line 394.
LaTeX Info: Redefining \dots on input line 397.
LaTeX Info: Redefining \cdots on input line 518.
\Mathstrutbox@=\box26
\strutbox@=\box27
\big@size=\dimen105
LaTeX Font Info:    Redeclaring font encoding OML on input line 634.
LaTeX Font Info:    Redeclaring font encoding OMS on input line 635.
\macc@depth=\count92
\c@MaxMatrixCols=\count93
\dotsspace@=\muskip10
\c@parentequation=\count94
\dspbrk@lvl=\count95
\tag@help=\toks15
\row@=\count96
\column@=\count97
\maxfields@=\count98
\andhelp@=\toks16
\eqnshift@=\dimen106
\alignsep@=\dimen107
\tagshift@=\dimen108
\tagwidth@=\dimen109
\totwidth@=\dimen110
\lineht@=\dimen111
\@envbody=\toks17
\multlinegap=\skip44
\multlinetaggap=\skip45
\mathdisplay@stack=\toks18
LaTeX Info: Redefining \[ on input line 2739.
LaTeX Info: Redefining \] on input line 2740.
)
(/usr/local/texlive/2016/texmf-dist/tex/latex/amsfonts/amsfonts.sty
Package: amsfonts 2013/01/14 v3.01 Basic AMSFonts support
\symAMSa=\mathgroup4
\symAMSb=\mathgroup5
LaTeX Font Info:    Overwriting math alphabet `\mathfrak' in version `bold'
(Font)                  U/euf/m/n --> U/euf/b/n on input line 106.
)
(/usr/local/texlive/2016/texmf-dist/tex/latex/amsfonts/amssymb.sty
Package: amssymb 2013/01/14 v3.01 AMS font symbols
)
(/usr/local/texlive/2016/texmf-dist/tex/latex/amscls/amsthm.sty
Package: amsthm 2015/03/04 v2.20.2
\thm@style=\toks19
\thm@bodyfont=\toks20
\thm@headfont=\toks21
\thm@notefont=\toks22
\thm@headpunct=\toks23
\thm@preskip=\skip46
\thm@postskip=\skip47
\thm@headsep=\skip48
\dth@everypar=\toks24
)
(/usr/local/texlive/2016/texmf-dist/tex/latex/graphics/graphicx.sty
Package: graphicx 2014/10/28 v1.0g Enhanced LaTeX Graphics (DPC,SPQR)

(/usr/local/texlive/2016/texmf-dist/tex/latex/graphics/keyval.sty
Package: keyval 2014/10/28 v1.15 key=value parser (DPC)
\KV@toks@=\toks25
)
(/usr/local/texlive/2016/texmf-dist/tex/latex/graphics/graphics.sty
Package: graphics 2016/05/09 v1.0r Standard LaTeX Graphics (DPC,SPQR)

(/usr/local/texlive/2016/texmf-dist/tex/latex/graphics/trig.sty
Package: trig 2016/01/03 v1.10 sin cos tan (DPC)
)
(/usr/local/texlive/2016/texmf-dist/tex/latex/graphics-cfg/graphics.cfg
File: graphics.cfg 2016/01/02 v1.10 sample graphics configuration
)
Package graphics Info: Driver file: dvips.def on input line 96.

(/usr/local/texlive/2016/texmf-dist/tex/latex/graphics/dvips.def
File: dvips.def 2015/12/30 v3.0k Driver-dependent file (DPC,SPQR)
))
\Gin@req@height=\dimen112
\Gin@req@width=\dimen113
)
(/usr/local/texlive/2016/texmf-dist/tex/latex/graphics/color.sty
Package: color 2016/05/09 v1.1c Standard LaTeX Color (DPC)

(/usr/local/texlive/2016/texmf-dist/tex/latex/graphics-cfg/color.cfg
File: color.cfg 2016/01/02 v1.6 sample color configuration
)
Package color Info: Driver file: pdftex.def on input line 144.

(/usr/local/texlive/2016/texmf-dist/tex/latex/pdftex-def/pdftex.def
File: pdftex.def 2011/05/27 v0.06d Graphics/color for pdfTeX

(/usr/local/texlive/2016/texmf-dist/tex/generic/oberdiek/infwarerr.sty
Package: infwarerr 2016/05/16 v1.4 Providing info/warning/error messages (HO)
)
(/usr/local/texlive/2016/texmf-dist/tex/generic/oberdiek/ltxcmds.sty
Package: ltxcmds 2016/05/16 v1.23 LaTeX kernel commands for general use (HO)
)
\Gread@gobject=\count99
))
(/usr/local/texlive/2016/texmf-dist/tex/generic/babel/babel.sty
Package: babel 2016/04/23 3.9r The Babel package

(/usr/local/texlive/2016/texmf-dist/tex/generic/babel-portuges/portuges.ldf
Language: portuges 2008/03/18 v1.2q Portuguese support from the babel system

(/usr/local/texlive/2016/texmf-dist/tex/generic/babel/babel.def
File: babel.def 2016/04/23 3.9r Babel common definitions
\babel@savecnt=\count100
\U@D=\dimen114
)
\l@brazil = a dialect from \language\l@portuges 
Package babel Info: Making " an active character on input line 145.
))
(/usr/local/texlive/2016/texmf-dist/tex/latex/base/inputenc.sty
Package: inputenc 2015/03/17 v1.2c Input encoding file
\inpenc@prehook=\toks26
\inpenc@posthook=\toks27

(/usr/local/texlive/2016/texmf-dist/tex/latex/base/latin1.def
File: latin1.def 2015/03/17 v1.2c Input encoding file
))
(./Solução 1.aux)
\openout1 = `"Solução 1.aux"'.

LaTeX Font Info:    Checking defaults for OML/cmm/m/it on input line 18.
LaTeX Font Info:    ... okay on input line 18.
LaTeX Font Info:    Checking defaults for T1/cmr/m/n on input line 18.
LaTeX Font Info:    ... okay on input line 18.
LaTeX Font Info:    Checking defaults for OT1/cmr/m/n on input line 18.
LaTeX Font Info:    ... okay on input line 18.
LaTeX Font Info:    Checking defaults for OMS/cmsy/m/n on input line 18.
LaTeX Font Info:    ... okay on input line 18.
LaTeX Font Info:    Checking defaults for OMX/cmex/m/n on input line 18.
LaTeX Font Info:    ... okay on input line 18.
LaTeX Font Info:    Checking defaults for U/cmr/m/n on input line 18.
LaTeX Font Info:    ... okay on input line 18.

(/usr/local/texlive/2016/texmf-dist/tex/generic/oberdiek/pdftexcmds.sty
Package: pdftexcmds 2016/05/10 v0.21 Utility functions of pdfTeX for LuaTeX (HO
)

(/usr/local/texlive/2016/texmf-dist/tex/generic/oberdiek/ifluatex.sty
Package: ifluatex 2016/05/16 v1.4 Provides the ifluatex switch (HO)
Package ifluatex Info: LuaTeX not detected.
)
(/usr/local/texlive/2016/texmf-dist/tex/generic/oberdiek/ifpdf.sty
Package: ifpdf 2016/05/14 v3.1 Provides the ifpdf switch
)
Package pdftexcmds Info: LuaTeX not detected.
Package pdftexcmds Info: \pdf@primitive is available.
Package pdftexcmds Info: \pdf@ifprimitive is available.
Package pdftexcmds Info: \pdfdraftmode found.
)
(/usr/local/texlive/2016/texmf-dist/tex/latex/oberdiek/epstopdf-base.sty
Package: epstopdf-base 2016/05/15 v2.6 Base part for package epstopdf

(/usr/local/texlive/2016/texmf-dist/tex/latex/oberdiek/grfext.sty
Package: grfext 2016/05/16 v1.2 Manage graphics extensions (HO)

(/usr/local/texlive/2016/texmf-dist/tex/generic/oberdiek/kvdefinekeys.sty
Package: kvdefinekeys 2016/05/16 v1.4 Define keys (HO)
))
(/usr/local/texlive/2016/texmf-dist/tex/latex/oberdiek/kvoptions.sty
Package: kvoptions 2016/05/16 v3.12 Key value format for package options (HO)

(/usr/local/texlive/2016/texmf-dist/tex/generic/oberdiek/kvsetkeys.sty
Package: kvsetkeys 2016/05/16 v1.17 Key value parser (HO)

(/usr/local/texlive/2016/texmf-dist/tex/generic/oberdiek/etexcmds.sty
Package: etexcmds 2016/05/16 v1.6 Avoid name clashes with e-TeX commands (HO)
Package etexcmds Info: Could not find \expanded.
(etexcmds)             That can mean that you are not using pdfTeX 1.50 or
(etexcmds)             that some package has redefined \expanded.
(etexcmds)             In the latter case, load this package earlier.
)))
Package epstopdf-base Info: Redefining graphics rule for `.eps' on input line 4
38.
Package grfext Info: Graphics extension search list:
(grfext)             [.png,.pdf,.jpg,.mps,.jpeg,.jbig2,.jb2,.PNG,.PDF,.JPG,.JPE
G,.JBIG2,.JB2,.eps]
(grfext)             \AppendGraphicsExtensions on input line 456.

(/usr/local/texlive/2016/texmf-dist/tex/latex/latexconfig/epstopdf-sys.cfg
File: epstopdf-sys.cfg 2010/07/13 v1.3 Configuration of (r)epstopdf for TeX Liv
e
))
(/usr/local/texlive/2016/texmf-dist/tex/context/base/mkii/supp-pdf.mkii
[Loading MPS to PDF converter (version 2006.09.02).]
\scratchcounter=\count101
\scratchdimen=\dimen115
\scratchbox=\box28
\nofMPsegments=\count102
\nofMParguments=\count103
\everyMPshowfont=\toks28
\MPscratchCnt=\count104
\MPscratchDim=\dimen116
\MPnumerator=\count105
\makeMPintoPDFobject=\count106
\everyMPtoPDFconversion=\toks29
) <unb.pdf, id=1, 184.69pt x 97.36375pt>
File: unb.pdf Graphic file (type pdf)
 <use unb.pdf>
Package pdftex.def Info: unb.pdf used on input line 23.
(pdftex.def)             Requested size: 48.36958pt x 25.49818pt.
LaTeX Font Info:    Try loading font information for U+msa on input line 24.

(/usr/local/texlive/2016/texmf-dist/tex/latex/amsfonts/umsa.fd
File: umsa.fd 2013/01/14 v3.01 AMS symbols A
)
LaTeX Font Info:    Try loading font information for U+msb on input line 24.

(/usr/local/texlive/2016/texmf-dist/tex/latex/amsfonts/umsb.fd
File: umsb.fd 2013/01/14 v3.01 AMS symbols B
)
Overfull \hbox (87.11568pt too wide) in paragraph at lines 22--30
[]$[]$  $[]$ 
 []

[1

{/usr/local/texlive/2016/texmf-var/fonts/map/pdftex/updmap/pdftex.map} <./unb.p
df>]
Underfull \hbox (badness 10000) in paragraph at lines 140--149

 []


Overfull \hbox (2.39423pt too wide) in paragraph at lines 150--152
\OT1/cmr/m/n/12 ob-ti-ve-ram mesmo de-sem-pe-nho) en-quanto a dis-tri-bui^^Xc~a
o dos da-dos para as vari^^Saveis
 []

Package epstopdf Info: Source file: <Q5itemC.eps>
(epstopdf)                    date: 2012-10-30 19:50:53
(epstopdf)                    size: 9256 bytes
(epstopdf)             Output file: <Q5itemC-eps-converted-to.pdf>
(epstopdf)                    date: 2012-10-31 22:10:44
(epstopdf)                    size: 7861 bytes
(epstopdf)             Command: <repstopdf --outfile=Q5itemC-eps-converted-to.p
df Q5itemC.eps>
(epstopdf)             \includegraphics on input line 184.
Package epstopdf Info: Output file is already uptodate.
<Q5itemC-eps-converted-to.pdf, id=15, 561.09625pt x 421.575pt>
File: Q5itemC-eps-converted-to.pdf Graphic file (type pdf)

<use Q5itemC-eps-converted-to.pdf>
Package pdftex.def Info: Q5itemC-eps-converted-to.pdf used on input line 184.
(pdftex.def)             Requested size: 280.54744pt x 210.78697pt.
 [2]
Package epstopdf Info: Source file: <Q5itemD.eps>
(epstopdf)                    date: 2012-10-31 22:35:55
(epstopdf)                    size: 9577 bytes
(epstopdf)             Output file: <Q5itemD-eps-converted-to.pdf>
(epstopdf)                    date: 2012-10-31 22:36:39
(epstopdf)                    size: 6676 bytes
(epstopdf)             Command: <repstopdf --outfile=Q5itemD-eps-converted-to.p
df Q5itemD.eps>
(epstopdf)             \includegraphics on input line 212.
Package epstopdf Info: Output file is already uptodate.

<Q5itemD-eps-converted-to.pdf, id=20, 561.09625pt x 421.575pt>
File: Q5itemD-eps-converted-to.pdf Graphic file (type pdf)

<use Q5itemD-eps-converted-to.pdf>
Package pdftex.def Info: Q5itemD-eps-converted-to.pdf used on input line 212.
(pdftex.def)             Requested size: 392.7647pt x 295.10048pt.
 [3 <./Q5itemC-eps-converted-to.pdf> <./Q5itemD-eps-converted-to.pdf>]
Overfull \hbox (8.24405pt too wide) in paragraph at lines 219--220
\OT1/cmr/m/n/12 tido grau A em \OT1/cmr/m/it/12 Me-to-do-lo-gia \OT1/cmr/m/n/12
 est^^Sa ex-pli-ci-tado na ta-bela de dis-tri-bui^^Xc~ao de frequ^encias,
 []

Package epstopdf Info: Source file: <Q6.eps>
(epstopdf)                    date: 2012-10-30 19:52:50
(epstopdf)                    size: 8925 bytes
(epstopdf)             Output file: <Q6-eps-converted-to.pdf>
(epstopdf)                    date: 2012-11-01 00:04:14
(epstopdf)                    size: 7502 bytes
(epstopdf)             Command: <repstopdf --outfile=Q6-eps-converted-to.pdf Q6
.eps>
(epstopdf)             \includegraphics on input line 253.
Package epstopdf Info: Output file is already uptodate.
<Q6-eps-converted-to.pdf, id=34, 561.09625pt x 421.575pt>
File: Q6-eps-converted-to.pdf Graphic file (type pdf)

<use Q6-eps-converted-to.pdf>
Package pdftex.def Info: Q6-eps-converted-to.pdf used on input line 253.
(pdftex.def)             Requested size: 280.54744pt x 210.78697pt.
Package epstopdf Info: Source file: <Q7a.eps>
(epstopdf)                    date: 2012-10-30 23:24:39
(epstopdf)                    size: 9753 bytes
(epstopdf)             Output file: <Q7a-eps-converted-to.pdf>
(epstopdf)                    date: 2012-11-01 03:54:27
(epstopdf)                    size: 7902 bytes
(epstopdf)             Command: <repstopdf --outfile=Q7a-eps-converted-to.pdf Q
7a.eps>
(epstopdf)             \includegraphics on input line 286.
Package epstopdf Info: Output file is already uptodate.

<Q7a-eps-converted-to.pdf, id=35, 561.09625pt x 421.575pt>
File: Q7a-eps-converted-to.pdf Graphic file (type pdf)

<use Q7a-eps-converted-to.pdf>
Package pdftex.def Info: Q7a-eps-converted-to.pdf used on input line 286.
(pdftex.def)             Requested size: 280.54744pt x 210.78697pt.
 [4 <./Q6-eps-converted-to.pdf>]
Package epstopdf Info: Source file: <Q7b.eps>
(epstopdf)                    date: 2012-10-30 23:31:39
(epstopdf)                    size: 9514 bytes
(epstopdf)             Output file: <Q7b-eps-converted-to.pdf>
(epstopdf)                    date: 2012-11-01 04:03:34
(epstopdf)                    size: 7479 bytes
(epstopdf)             Command: <repstopdf --outfile=Q7b-eps-converted-to.pdf Q
7b.eps>
(epstopdf)             \includegraphics on input line 318.
Package epstopdf Info: Output file is already uptodate.

<Q7b-eps-converted-to.pdf, id=44, 561.09625pt x 421.575pt>
File: Q7b-eps-converted-to.pdf Graphic file (type pdf)

<use Q7b-eps-converted-to.pdf>
Package pdftex.def Info: Q7b-eps-converted-to.pdf used on input line 318.
(pdftex.def)             Requested size: 280.54744pt x 210.78697pt.
 [5 <./Q7a-eps-converted-to.pdf> <./Q7b-eps-converted-to.pdf>]
Package epstopdf Info: Source file: <Q1itemC.eps>
(epstopdf)                    date: 2012-11-09 19:57:23
(epstopdf)                    size: 8914 bytes
(epstopdf)             Output file: <Q1itemC-eps-converted-to.pdf>
(epstopdf)                    date: 2012-11-09 19:58:35
(epstopdf)                    size: 7486 bytes
(epstopdf)             Command: <repstopdf --outfile=Q1itemC-eps-converted-to.p
df Q1itemC.eps>
(epstopdf)             \includegraphics on input line 366.
Package epstopdf Info: Output file is already uptodate.
 <Q1itemC-eps-converted-to.pdf, id=59, 561.09625pt x 421.575pt>
File: Q1itemC-eps-converted-to.pdf Graphic file (type pdf)

<use Q1itemC-eps-converted-to.pdf>
Package pdftex.def Info: Q1itemC-eps-converted-to.pdf used on input line 366.
(pdftex.def)             Requested size: 280.54744pt x 210.78697pt.
 [6 <./Q1itemC-eps-converted-to.pdf>]
[7]
Overfull \hbox (5.10605pt too wide) in paragraph at lines 424--425
[]\OT1/cmr/m/n/12 Para a vari^^Savel \OT1/cmr/m/it/12 Di-reito \OT1/cmr/m/n/12 
n~ao te-mos va-ri-a-bi-li-dade, ent~ao de-ve-mos ob-ser-var as vari^^Saveis
 []

Package epstopdf Info: Source file: <Q5itemA.eps>
(epstopdf)                    date: 2012-11-09 19:57:45
(epstopdf)                    size: 8850 bytes
(epstopdf)             Output file: <Q5itemA-eps-converted-to.pdf>
(epstopdf)                    date: 2012-11-09 19:59:42
(epstopdf)                    size: 7207 bytes
(epstopdf)             Command: <repstopdf --outfile=Q5itemA-eps-converted-to.p
df Q5itemA.eps>
(epstopdf)             \includegraphics on input line 447.
Package epstopdf Info: Output file is already uptodate.
<Q5itemA-eps-converted-to.pdf, id=76, 561.09625pt x 421.575pt>
File: Q5itemA-eps-converted-to.pdf Graphic file (type pdf)

<use Q5itemA-eps-converted-to.pdf>
Package pdftex.def Info: Q5itemA-eps-converted-to.pdf used on input line 447.
(pdftex.def)             Requested size: 280.54744pt x 210.78697pt.


LaTeX Warning: `!h' float specifier changed to `!ht'.

[8] [9 <./Q5itemA-eps-converted-to.pdf>] [10]
Package epstopdf Info: Source file: <Q4itemA.eps>
(epstopdf)                    date: 2015-02-02 14:56:25
(epstopdf)                    size: 9006 bytes
(epstopdf)             Output file: <Q4itemA-eps-converted-to.pdf>
(epstopdf)                    date: 2015-02-02 15:01:28
(epstopdf)                    size: 7741 bytes
(epstopdf)             Command: <repstopdf --outfile=Q4itemA-eps-converted-to.p
df Q4itemA.eps>
(epstopdf)             \includegraphics on input line 589.
Package epstopdf Info: Output file is already uptodate.

<Q4itemA-eps-converted-to.pdf, id=91, 561.09625pt x 421.575pt>
File: Q4itemA-eps-converted-to.pdf Graphic file (type pdf)

<use Q4itemA-eps-converted-to.pdf>
Package pdftex.def Info: Q4itemA-eps-converted-to.pdf used on input line 589.
(pdftex.def)             Requested size: 280.54744pt x 210.78697pt.
 [11 <./Q4itemA-eps-converted-to.pdf>]
(./Solução 1.aux) ) 
Here is how much of TeX's memory you used:
 3082 strings out of 493014
 41613 string characters out of 6133352
 117567 words of memory out of 5000000
 6559 multiletter control sequences out of 15000+600000
 16451 words of font info for 63 fonts, out of 8000000 for 9000
 1141 hyphenation exceptions out of 8191
 38i,12n,24p,496b,385s stack positions out of 5000i,500n,10000p,200000b,80000s
</usr/local/texlive/2016/texmf-dist/fonts/type1/public/a
msfonts/cm/cmbx12.pfb></usr/local/texlive/2016/texmf-dist/fonts/type1/public/am
sfonts/cm/cmex10.pfb></usr/local/texlive/2016/texmf-dist/fonts/type1/public/ams
fonts/cmextra/cmex8.pfb></usr/local/texlive/2016/texmf-dist/fonts/type1/public/
amsfonts/cm/cmmi12.pfb></usr/local/texlive/2016/texmf-dist/fonts/type1/public/a
msfonts/cm/cmmi6.pfb></usr/local/texlive/2016/texmf-dist/fonts/type1/public/ams
fonts/cm/cmmi8.pfb></usr/local/texlive/2016/texmf-dist/fonts/type1/public/amsfo
nts/cm/cmr12.pfb></usr/local/texlive/2016/texmf-dist/fonts/type1/public/amsfont
s/cm/cmr6.pfb></usr/local/texlive/2016/texmf-dist/fonts/type1/public/amsfonts/c
m/cmr8.pfb></usr/local/texlive/2016/texmf-dist/fonts/type1/public/amsfonts/cm/c
msy10.pfb></usr/local/texlive/2016/texmf-dist/fonts/type1/public/amsfonts/cm/cm
sy8.pfb></usr/local/texlive/2016/texmf-dist/fonts/type1/public/amsfonts/cm/cmti
12.pfb>
Output written on "Solução 1.pdf" (11 pages, 188622 bytes).
PDF statistics:
 140 PDF objects out of 1000 (max. 8388607)
 96 compressed objects within 1 object stream
 0 named destinations out of 1000 (max. 500000)
 46 words of extra memory for PDF output out of 10000 (max. 10000000)

